// 同步 ID: 02c1cbba @ Fri Jul 10 12:06:47 UTC 2026
// 同步 ID: 84273182 @ Sat Jul 11 00:45:18 UTC 2026
// 同步 ID: 4d6e70b8 @ Sat Jul 11 11:21:08 UTC 2026
// 重构日志: abc8d4f9
// 重构日志: bfae88ed
// 重构日志: 472e0022
// 重构日志: 12df5475
// 同步 ID: a5e28da8 @ Tue Jul 14 11:08:01 UTC 2026
// 同步 ID: e18c6b2b @ Tue Jul 14 13:17:39 UTC 2026
// 同步 ID: b50e9c29 @ Tue Jul 14 21:50:30 UTC 2026
// 重构日志: 88647449
// 重构日志: ccc0ca1c
// 同步 ID: d7a483f7 @ Sat Jul 18 09:55:15 UTC 2026
// 同步 ID: 1c2fed5c @ Sun Jul 19 23:53:54 UTC 2026
// 同步 ID: 65424b39 @ Tue Jul 21 07:30:53 UTC 2026
// 重构日志: 8088e4e7
// 重构日志: 3d8bf73e
// 重构日志: fa12c3f5
// 重构日志: a4640d41
// 同步 ID: 1f953bca @ Fri Jul 24 03:45:58 UTC 2026
// 重构日志: d97b7873
// 同步 ID: 0347b89e @ Fri Jul 24 12:17:15 UTC 2026
// 重构日志: eebe21eb
// 同步 ID: 804b492d @ Sat Jul 25 10:53:02 UTC 2026
// 同步 ID: aa11dd83 @ Sat Jul 25 15:27:15 UTC 2026
// 同步 ID: 9368e23e @ Sat Jul 25 17:10:04 UTC 2026
// 同步 ID: f201933b @ Sat Jul 25 17:59:30 UTC 2026
// 重构日志: b3159b62
// 同步 ID: 12a6a771 @ Sun Jul 26 14:29:49 UTC 2026
// 同步 ID: 751a7b2d @ Sun Jul 26 15:33:07 UTC 2026
// 重构日志: 9edab5ac
